[0m13:28:03  Running with dbt=1.7.4
[0m13:28:03  Registered adapter: postgres=1.7.4
[0m13:28:03  Found 4 models, 1 seed, 19 tests, 1 source, 0 exposures, 0 metrics, 402 macros, 0 groups, 0 semantic models
[0m13:28:03  
[0m13:28:04  Concurrency: 4 threads (target='dev')
[0m13:28:04  
[0m13:28:04  1 of 4 START sql view model staging.stg_weather ................................ [RUN]
[0m13:28:04  1 of 4 OK created sql view model staging.stg_weather ........................... [[32mCREATE VIEW[0m in 0.18s]
[0m13:28:04  2 of 4 START sql table model analytics.dim_cities .............................. [RUN]
[0m13:28:04  3 of 4 START sql table model analytics.dim_time ................................ [RUN]
[0m13:28:04  2 of 4 ERROR creating sql table model analytics.dim_cities ..................... [[31mERROR[0m in 0.07s]
[0m13:28:04  3 of 4 OK created sql table model analytics.dim_time ........................... [[32mSELECT 0[0m in 0.19s]
[0m13:28:04  4 of 4 SKIP relation analytics.fact_weather .................................... [[33mSKIP[0m]
[0m13:28:04  
[0m13:28:04  Finished running 1 view model, 3 table models in 0 hours 0 minutes and 0.54 seconds (0.54s).
[0m13:28:04  
[0m13:28:04  [31mCompleted with 1 error and 0 warnings:[0m
[0m13:28:04  
[0m13:28:04    Database Error in model dim_cities (models/marts/dim_cities.sql)
  relation "staging.cities" does not exist
  LINE 13:     select * from "weather_db"."staging"."cities"
                             ^
  compiled Code at target/run/weather_pipeline/models/marts/dim_cities.sql
[0m13:28:04  
[0m13:28:04  Done. PASS=2 WARN=0 ERROR=1 SKIP=1 TOTAL=4
