[0m13:30:58  Running with dbt=1.7.4
[0m13:30:59  Registered adapter: postgres=1.7.4
[0m13:30:59  Found 4 models, 1 seed, 19 tests, 1 source, 0 exposures, 0 metrics, 402 macros, 0 groups, 0 semantic models
[0m13:30:59  
[0m13:30:59  Concurrency: 4 threads (target='dev')
[0m13:30:59  
[0m13:30:59  1 of 4 START sql view model staging.stg_weather ................................ [RUN]
[0m13:30:59  1 of 4 OK created sql view model staging.stg_weather ........................... [[32mCREATE VIEW[0m in 0.16s]
[0m13:30:59  2 of 4 START sql table model analytics.dim_cities .............................. [RUN]
[0m13:30:59  3 of 4 START sql table model analytics.dim_time ................................ [RUN]
[0m13:31:00  2 of 4 OK created sql table model analytics.dim_cities ......................... [[32mSELECT 0[0m in 0.21s]
[0m13:31:00  3 of 4 OK created sql table model analytics.dim_time ........................... [[32mSELECT 0[0m in 0.23s]
[0m13:31:00  4 of 4 START sql table model analytics.fact_weather ............................ [RUN]
[0m13:31:00  4 of 4 ERROR creating sql table model analytics.fact_weather ................... [[31mERROR[0m in 0.04s]
[0m13:31:00  
[0m13:31:00  Finished running 1 view model, 3 table models in 0 hours 0 minutes and 0.61 seconds (0.61s).
[0m13:31:00  
[0m13:31:00  [31mCompleted with 1 error and 0 warnings:[0m
[0m13:31:00  
[0m13:31:00    Database Error in model fact_weather (models/marts/fact_weather.sql)
  operator does not exist: integer || timestamp without time zone
  LINE 26:     md5(w.id || w.api_call_timestamp) as weather_id,
                        ^
  HINT:  No operator matches the given name and argument types. You might need to add explicit type casts.
  compiled Code at target/run/weather_pipeline/models/marts/fact_weather.sql
[0m13:31:00  
[0m13:31:00  Done. PASS=3 WARN=0 ERROR=1 SKIP=0 TOTAL=4
